BL51 BANKED LINKER/LOCATER V6.22                                                        01/16/2015  16:47:04  PAGE 1


BL51 BANKED LINKER/LOCATER V6.22, INVOKED BY:
C:\KEIL\C51\BIN\BL51.EXE STARTUP.obj, 4¡¢ZY08-CÒ£¿ØÆ÷¿ØÖÆÐ¡³µ³ÌÐò.obj TO 4¡¢ZY08-CÒ£¿ØÆ÷¿ØÖÆÐ¡³µ³ÌÐò RAMSIZE (256)


MEMORY MODEL: SMALL


INPUT MODULES INCLUDED:
  STARTUP.obj (?C_STARTUP)
  4¡¢ZY08-CÒ£¿ØÆ÷¿ØÖÆÐ¡³µ³ÌÐò.obj (4¡¢ZY08_CÒ£¿ØÆ÷¿Ø_ÆÐ¡³µ³ÌÐò)
  C:\KEIL\C51\LIB\C51S.LIB (?C_INIT)


LINK MAP OF MODULE:  4¡¢ZY08-CÒ£¿ØÆ÷¿ØÖÆÐ¡³µ³ÌÐò (?C_STARTUP)


            TYPE    BASE      LENGTH    RELOCATION   SEGMENT NAME
            -----------------------------------------------------

            * * * * * * *   D A T A   M E M O R Y   * * * * * * *
            REG     0000H     0008H     ABSOLUTE     "REG BANK 0"
            DATA    0008H     000AH     UNIT         ?DT?4¡¢ZY08_CÒ£¿ØÆ÷¿Ø_ÆÐ¡³µ³ÌÐò
            DATA    0012H     0002H     UNIT         _DATA_GROUP_
                    0014H     000CH                  *** GAP ***
            BIT     0020H.0   0000H.1   UNIT         ?BI?4¡¢ZY08_CÒ£¿ØÆ÷¿Ø_ÆÐ¡³µ³ÌÐò
            BIT     0020H.1   0000H.1   UNIT         _BIT_GROUP_
                    0020H.2   0000H.6                *** GAP ***
            IDATA   0021H     0001H     UNIT         ?STACK

            * * * * * * *   C O D E   M E M O R Y   * * * * * * *
            CODE    0000H     0003H     ABSOLUTE     
            CODE    0003H     000FH     UNIT         ?PR?DELAY?4¡¢ZY08_CÒ£¿ØÆ÷¿Ø_ÆÐ¡³µ³ÌÐò
                    0012H     0001H                  *** GAP ***
            CODE    0013H     0003H     ABSOLUTE     
            CODE    0016H     00B4H     UNIT         ?PR?IR_IN?4¡¢ZY08_CÒ£¿ØÆ÷¿Ø_ÆÐ¡³µ³ÌÐò
            CODE    00CAH     008CH     UNIT         ?C_C51STARTUP
            CODE    0156H     0035H     UNIT         ?PR?_CONTROLCAR?4¡¢ZY08_CÒ£¿ØÆ÷¿Ø_ÆÐ¡³µ³ÌÐò
            CODE    018BH     001CH     UNIT         ?PR?MAIN?4¡¢ZY08_CÒ£¿ØÆ÷¿Ø_ÆÐ¡³µ³ÌÐò
            CODE    01A7H     001AH     UNIT         ?PR?_DELAY1MS?4¡¢ZY08_CÒ£¿ØÆ÷¿Ø_ÆÐ¡³µ³ÌÐò
            CODE    01C1H     0014H     UNIT         ?CO?4¡¢ZY08_CÒ£¿ØÆ÷¿Ø_ÆÐ¡³µ³ÌÐò
            CODE    01D5H     0012H     UNIT         ?PR?_DELAYMS?4¡¢ZY08_CÒ£¿ØÆ÷¿Ø_ÆÐ¡³µ³ÌÐò
            CODE    01E7H     0009H     UNIT         ?PR?TINGZHI?4¡¢ZY08_CÒ£¿ØÆ÷¿Ø_ÆÐ¡³µ³ÌÐò
            CODE    01F0H     0009H     UNIT         ?PR?QIANJIN?4¡¢ZY08_CÒ£¿ØÆ÷¿Ø_ÆÐ¡³µ³ÌÐò
            CODE    01F9H     0009H     UNIT         ?PR?HOUTUI?4¡¢ZY08_CÒ£¿ØÆ÷¿Ø_ÆÐ¡³µ³ÌÐò
            CODE    0202H     0009H     UNIT         ?PR?YOUZHUAN?4¡¢ZY08_CÒ£¿ØÆ÷¿Ø_ÆÐ¡³µ³ÌÐò
            CODE    020BH     0009H     UNIT         ?PR?ZUOZHUAN?4¡¢ZY08_CÒ£¿ØÆ÷¿Ø_ÆÐ¡³µ³ÌÐò
            CODE    0214H     0006H     UNIT         ?C_INITSEG



OVERLAY MAP OF MODULE:   4¡¢ZY08-CÒ£¿ØÆ÷¿ØÖÆÐ¡³µ³ÌÐò (?C_STARTUP)


SEGMENT                                             BIT_GROUP          DATA_GROUP 
  +--> CALLED SEGMENT                            START    LENGTH     START    LENGTH
------------------------------------------------------------------------------------
?C_C51STARTUP                                    -----    -----      -----    -----
  +--> ?PR?MAIN?4¡¢ZY08_CÒ£¿ØÆ÷¿Ø_ÆÐ¡³µ³ÌÐò
BL51 BANKED LINKER/LOCATER V6.22                                                      01/16/2015  16:47:04  PAGE 2


  +--> ?C_INITSEG

?PR?MAIN?4¡¢ZY08_CÒ£¿ØÆ÷¿Ø_ÆÐ¡³µ³ÌÐò             0020H.1  0000H.1    -----    -----
  +--> ?CO?4¡¢ZY08_CÒ£¿ØÆ÷¿Ø_ÆÐ¡³µ³ÌÐò
  +--> ?PR?DELAY?4¡¢ZY08_CÒ£¿ØÆ÷¿Ø_ÆÐ¡³µ³ÌÐò

*** NEW ROOT ***************************************************

?PR?IR_IN?4¡¢ZY08_CÒ£¿ØÆ÷¿Ø_ÆÐ¡³µ³ÌÐò            -----    -----      0012H    0002H
  +--> ?PR?_DELAYMS?4¡¢ZY08_CÒ£¿ØÆ÷¿Ø_ÆÐ¡³µ³ÌÐò
  +--> ?CO?4¡¢ZY08_CÒ£¿ØÆ÷¿Ø_ÆÐ¡³µ³ÌÐò
  +--> ?PR?_CONTROLCAR?4¡¢ZY08_CÒ£¿ØÆ÷¿Ø_ÆÐ¡...

?PR?_CONTROLCAR?4¡¢ZY08_CÒ£¿ØÆ÷¿Ø_ÆÐ¡...         -----    -----      -----    -----
  +--> ?PR?TINGZHI?4¡¢ZY08_CÒ£¿ØÆ÷¿Ø_ÆÐ¡³µ³ÌÐò
  +--> ?PR?_DELAY1MS?4¡¢ZY08_CÒ£¿ØÆ÷¿Ø_ÆÐ¡³µ...
  +--> ?PR?QIANJIN?4¡¢ZY08_CÒ£¿ØÆ÷¿Ø_ÆÐ¡³µ³ÌÐò
  +--> ?PR?HOUTUI?4¡¢ZY08_CÒ£¿ØÆ÷¿Ø_ÆÐ¡³µ³ÌÐò
  +--> ?PR?ZUOZHUAN?4¡¢ZY08_CÒ£¿ØÆ÷¿Ø_ÆÐ¡³µ³ÌÐò
  +--> ?PR?YOUZHUAN?4¡¢ZY08_CÒ£¿ØÆ÷¿Ø_ÆÐ¡³µ³ÌÐò

?PR?_DELAY1MS?4¡¢ZY08_CÒ£¿ØÆ÷¿Ø_ÆÐ¡³µ...         -----    -----      -----    -----
  +--> ?PR?TINGZHI?4¡¢ZY08_CÒ£¿ØÆ÷¿Ø_ÆÐ¡³µ³ÌÐò



SYMBOL TABLE OF MODULE:  4¡¢ZY08-CÒ£¿ØÆ÷¿ØÖÆÐ¡³µ³ÌÐò (?C_STARTUP)

  VALUE           TYPE          NAME
  ----------------------------------

  -------         MODULE        ?C_STARTUP
  C:00CAH         SEGMENT       ?C_C51STARTUP
  I:0021H         SEGMENT       ?STACK
  C:0000H         PUBLIC        ?C_STARTUP
  D:00E0H         SYMBOL        ACC
  D:00F0H         SYMBOL        B
  D:0083H         SYMBOL        DPH
  D:0082H         SYMBOL        DPL
  N:0000H         SYMBOL        IBPSTACK
  N:0100H         SYMBOL        IBPSTACKTOP
  N:0080H         SYMBOL        IDATALEN
  C:00CDH         SYMBOL        IDATALOOP
  N:0000H         SYMBOL        PBPSTACK
  N:0100H         SYMBOL        PBPSTACKTOP
  N:0000H         SYMBOL        PDATALEN
  N:0000H         SYMBOL        PDATASTART
  N:0000H         SYMBOL        PPAGE
  N:0000H         SYMBOL        PPAGEENABLE
  D:00A0H         SYMBOL        PPAGE_SFR
  D:0081H         SYMBOL        SP
  C:00CAH         SYMBOL        STARTUP1
  N:0000H         SYMBOL        XBPSTACK
  N:0000H         SYMBOL        XBPSTACKTOP
  N:0000H         SYMBOL        XDATALEN
  N:0000H         SYMBOL        XDATASTART
  C:0000H         LINE#         126
BL51 BANKED LINKER/LOCATER V6.22                                                      01/16/2015  16:47:04  PAGE 3


  C:00CAH         LINE#         133
  C:00CCH         LINE#         134
  C:00CDH         LINE#         135
  C:00CEH         LINE#         136
  C:00D0H         LINE#         185
  C:00D3H         LINE#         196
  -------         ENDMOD        ?C_STARTUP

  -------         MODULE        4¡¢ZY08_CÒ£¿ØÆ÷¿Ø_ÆÐ¡³µ³ÌÐò
  C:0000H         SYMBOL        _ICE_DUMMY_
  D:0080H         PUBLIC        P0
  D:0090H         PUBLIC        P1
  C:01E7H         PUBLIC        tingzhi
  D:00A0H         PUBLIC        P2
  D:00B0H         PUBLIC        P3
  C:01AEH         PUBLIC        _Delay1ms
  B:00A8H.7       PUBLIC        EA
  D:0008H         SYMBOL        LedFlash
  C:0202H         PUBLIC        youzhuan
  C:020BH         PUBLIC        zuozhuan
  D:00A8H         PUBLIC        IE
  C:01CBH         PUBLIC        RecvData
  C:0016H         PUBLIC        IR_IN
  D:00B8H         PUBLIC        IP
  C:01F9H         PUBLIC        houtui
  B:00A0H.0       PUBLIC        LeftLed
  C:018BH         PUBLIC        main
  B:00B0H.3       PUBLIC        IRIN
  D:000AH         PUBLIC        RunFlag
  D:0098H         PUBLIC        SCON
  D:0088H         PUBLIC        TCON
  C:01C1H         PUBLIC        LedShowData
  B:0080H.0       PUBLIC        M1A
  B:0080H.2       PUBLIC        M2A
  B:0080H.1       PUBLIC        M1B
  B:0080H.3       PUBLIC        M2B
  B:0020H.0       PUBLIC        EnableLight
  B:00A8H.2       PUBLIC        EX1
  B:0088H.2       PUBLIC        IT1
  B:0090H.4       PUBLIC        RunStopState
  D:00C8H         PUBLIC        T2CON
  C:01F0H         PUBLIC        qianjin
  C:0003H         PUBLIC        Delay
  C:01D5H         PUBLIC        _delayms
  D:00D0H         PUBLIC        PSW
  D:000BH         PUBLIC        IRCOM
  C:0156H         PUBLIC        _ControlCar
  -------         PROC          _DELAYMS
  D:0007H         SYMBOL        x
  -------         DO            
  D:0006H         SYMBOL        i
  -------         ENDDO         
  C:01D5H         LINE#         78
  C:01D5H         LINE#         79
  C:01D5H         LINE#         81
  C:01DBH         LINE#         82
  C:01DBH         LINE#         83
BL51 BANKED LINKER/LOCATER V6.22                                                      01/16/2015  16:47:04  PAGE 4


  C:01E6H         LINE#         84
  C:01E6H         LINE#         85
  -------         ENDPROC       _DELAYMS
  C:01A7H         SYMBOL        L?0061
  -------         PROC          L?0060
  -------         ENDPROC       L?0060
  C:01A7H         SYMBOL        L?0061
  -------         PROC          _DELAY1MS
  D:0006H         SYMBOL        i
  -------         DO            
  D:0005H         SYMBOL        j
  D:0004H         SYMBOL        k
  -------         ENDDO         
  C:01AEH         LINE#         87
  C:01AEH         LINE#         88
  C:01AEH         LINE#         90
  C:01AEH         LINE#         91
  C:01B0H         LINE#         92
  C:01B0H         LINE#         93
  C:01B2H         LINE#         94
  C:01B2H         LINE#         95
  C:01B3H         LINE#         96
  C:01B5H         LINE#         97
  C:01B7H         LINE#         98
  C:01C0H         LINE#         100
  -------         ENDPROC       _DELAY1MS
  -------         PROC          DELAY
  -------         DO            
  D:0006H         SYMBOL        DelayTime
  -------         ENDDO         
  C:0003H         LINE#         101
  C:0003H         LINE#         102
  C:0007H         LINE#         103
  C:0011H         LINE#         105
  -------         ENDPROC       DELAY
  -------         PROC          TINGZHI
  C:01E7H         LINE#         107
  C:01E7H         LINE#         108
  C:01E7H         LINE#         109
  C:01E9H         LINE#         110
  C:01EBH         LINE#         111
  C:01EDH         LINE#         112
  C:01EFH         LINE#         114
  -------         ENDPROC       TINGZHI
  -------         PROC          QIANJIN
  C:01F0H         LINE#         116
  C:01F0H         LINE#         117
  C:01F0H         LINE#         118
  C:01F2H         LINE#         119
  C:01F4H         LINE#         120
  C:01F6H         LINE#         121
  C:01F8H         LINE#         122
  -------         ENDPROC       QIANJIN
  -------         PROC          HOUTUI
  C:01F9H         LINE#         124
  C:01F9H         LINE#         125
  C:01F9H         LINE#         126
BL51 BANKED LINKER/LOCATER V6.22                                                      01/16/2015  16:47:04  PAGE 5


  C:01FBH         LINE#         127
  C:01FDH         LINE#         128
  C:01FFH         LINE#         129
  C:0201H         LINE#         130
  -------         ENDPROC       HOUTUI
  -------         PROC          YOUZHUAN
  C:0202H         LINE#         132
  C:0202H         LINE#         133
  C:0202H         LINE#         134
  C:0204H         LINE#         135
  C:0206H         LINE#         136
  C:0208H         LINE#         137
  C:020AH         LINE#         139
  -------         ENDPROC       YOUZHUAN
  -------         PROC          ZUOZHUAN
  C:020BH         LINE#         141
  C:020BH         LINE#         142
  C:020BH         LINE#         143
  C:020DH         LINE#         144
  C:020FH         LINE#         145
  C:0211H         LINE#         146
  C:0213H         LINE#         148
  -------         ENDPROC       ZUOZHUAN
  -------         PROC          _CONTROLCAR
  D:0007H         SYMBOL        ConType
  C:0156H         LINE#         150
  C:0156H         LINE#         151
  C:0156H         LINE#         153
  C:0159H         LINE#         154
  C:016BH         LINE#         155
  C:016BH         LINE#         156
  C:016BH         LINE#         157
  C:016BH         LINE#         159
  C:016BH         LINE#         160
  C:016EH         LINE#         161
  C:0170H         LINE#         162
  C:0173H         LINE#         163
  C:0173H         LINE#         164
  C:0173H         LINE#         165
  C:0173H         LINE#         166
  C:0173H         LINE#         167
  C:0173H         LINE#         168
  C:0176H         LINE#         169
  C:0178H         LINE#         170
  C:017BH         LINE#         171
  C:017BH         LINE#         172
  C:017BH         LINE#         173
  C:017BH         LINE#         174
  C:017BH         LINE#         175
  C:017BH         LINE#         176
  C:017EH         LINE#         177
  C:0181H         LINE#         178
  C:0181H         LINE#         179
  C:0181H         LINE#         180
  C:0181H         LINE#         181
  C:0181H         LINE#         182
  C:0181H         LINE#         183
BL51 BANKED LINKER/LOCATER V6.22                                                      01/16/2015  16:47:04  PAGE 6


  C:0184H         LINE#         184
  C:0187H         LINE#         186
  C:0187H         LINE#         187
  C:0187H         LINE#         188
  C:0187H         LINE#         189
  C:0187H         LINE#         190
  C:018AH         LINE#         191
  C:018AH         LINE#         192
  C:018AH         LINE#         193
  C:018AH         LINE#         194
  -------         ENDPROC       _CONTROLCAR
  -------         PROC          IR_IN
  -------         DO            
  D:0012H         SYMBOL        j
  D:0013H         SYMBOL        k
  D:0004H         SYMBOL        N
  -------         ENDDO         
  C:0016H         LINE#         196
  C:0021H         LINE#         198
  C:0023H         LINE#         200
  C:0025H         LINE#         201
  C:002AH         LINE#         202
  C:002DH         LINE#         203
  C:002DH         LINE#         204
  C:0032H         LINE#         206
  C:0032H         LINE#         208
  C:0035H         LINE#         209
  C:0035H         LINE#         210
  C:003AH         LINE#         211
  C:003CH         LINE#         213
  C:003FH         LINE#         214
  C:003FH         LINE#         215
  C:0042H         LINE#         216
  C:0042H         LINE#         217
  C:0045H         LINE#         218
  C:0045H         LINE#         219
  C:004AH         LINE#         220
  C:004CH         LINE#         222
  C:004FH         LINE#         223
  C:004FH         LINE#         224
  C:0054H         LINE#         225
  C:0056H         LINE#         227
  C:0059H         LINE#         228
  C:0059H         LINE#         229
  C:005EH         LINE#         230
  C:005FH         LINE#         231
  C:0065H         LINE#         232
  C:0065H         LINE#         233
  C:0069H         LINE#         235
  C:0069H         LINE#         236
  C:0069H         LINE#         238
  C:0077H         LINE#         240
  C:007DH         LINE#         241
  C:007DH         LINE#         242
  C:0086H         LINE#         243
  C:0086H         LINE#         244
  C:0088H         LINE#         245
BL51 BANKED LINKER/LOCATER V6.22                                                      01/16/2015  16:47:04  PAGE 7


  C:0091H         LINE#         246
  C:009AH         LINE#         248
  C:00A1H         LINE#         249
  C:00A1H         LINE#         250
  C:00A5H         LINE#         252
  C:00A5H         LINE#         254
  C:00A8H         LINE#         255
  C:00A8H         LINE#         256
  C:00B1H         LINE#         257
  C:00B1H         LINE#         258
  C:00B6H         LINE#         259
  C:00B6H         LINE#         260
  C:00BFH         LINE#         263
  C:00C1H         LINE#         264
  -------         ENDPROC       IR_IN
  -------         PROC          MAIN
  -------         DO            
  B:0020H.1       SYMBOL        ExeFlag
  -------         ENDDO         
  C:018BH         LINE#         268
  C:018BH         LINE#         269
  C:018BH         LINE#         270
  C:018DH         LINE#         272
  C:0193H         LINE#         273
  C:0195H         LINE#         274
  C:0197H         LINE#         275
  C:0199H         LINE#         276
  C:01A0H         LINE#         277
  C:01A0H         LINE#         278
  C:01A0H         LINE#         280
  C:01A3H         LINE#         281
  C:01A5H         LINE#         283
  -------         ENDPROC       MAIN
  -------         ENDMOD        4¡¢ZY08_CÒ£¿ØÆ÷¿Ø_ÆÐ¡³µ³ÌÐò

Program Size: data=21.2 xdata=0 code=537
LINK/LOCATE RUN COMPLETE.  0 WARNING(S),  0 ERROR(S)
