BL51 BANKED LINKER/LOCATER V6.22                                                        03/20/2017  17:17:28  PAGE 1


BL51 BANKED LINKER/LOCATER V6.22, INVOKED BY:
F:\KEIL\C51\BIN\BL51.EXE STARTUP.obj, ÖÐ¶Ï2017-3-20-01.obj TO ÖÐ¶Ï RAMSIZE (256)


MEMORY MODEL: SMALL


INPUT MODULES INCLUDED:
  STARTUP.obj (?C_STARTUP)
  ÖÐ¶Ï2017-3-20-01.obj (_Ð¶Ï2017_3_20_01)
  F:\KEIL\C51\LIB\C51S.LIB (?C_INIT)


LINK MAP OF MODULE:  ÖÐ¶Ï (?C_STARTUP)


            TYPE    BASE      LENGTH    RELOCATION   SEGMENT NAME
            -----------------------------------------------------

            * * * * * * *   D A T A   M E M O R Y   * * * * * * *
            REG     0000H     0008H     ABSOLUTE     "REG BANK 0"
            DATA    0008H     0005H     UNIT         ?DT?_Ð¶Ï2017_3_20_01
            IDATA   000DH     0001H     UNIT         ?STACK

            * * * * * * *   C O D E   M E M O R Y   * * * * * * *
            CODE    0000H     0003H     ABSOLUTE     
                    0003H     0008H                  *** GAP ***
            CODE    000BH     0003H     ABSOLUTE     
            CODE    000EH     008CH     UNIT         ?C_C51STARTUP
            CODE    009AH     0054H     UNIT         ?PR?MAIN?_Ð¶Ï2017_3_20_01
            CODE    00EEH     0035H     UNIT         ?PR?YANSHI?_Ð¶Ï2017_3_20_01
            CODE    0123H     002CH     UNIT         ?PR?EXTER0?_Ð¶Ï2017_3_20_01
            CODE    014FH     000CH     UNIT         ?C_INITSEG



OVERLAY MAP OF MODULE:   ÖÐ¶Ï (?C_STARTUP)


SEGMENT
  +--> CALLED SEGMENT
---------------------
?C_C51STARTUP
  +--> ?PR?MAIN?_Ð¶Ï2017_3_20_01
  +--> ?C_INITSEG

?PR?MAIN?_Ð¶Ï2017_3_20_01
  +--> ?PR?YANSHI?_Ð¶Ï2017_3_20_01

*** NEW ROOT ***************************************************

?PR?EXTER0?_Ð¶Ï2017_3_20_01
  +--> ?PR?YANSHI?_Ð¶Ï2017_3_20_01



SYMBOL TABLE OF MODULE:  ÖÐ¶Ï (?C_STARTUP)

BL51 BANKED LINKER/LOCATER V6.22                                                      03/20/2017  17:17:28  PAGE 2


  VALUE           TYPE          NAME
  ----------------------------------

  -------         MODULE        ?C_STARTUP
  C:000EH         SEGMENT       ?C_C51STARTUP
  I:000DH         SEGMENT       ?STACK
  C:0000H         PUBLIC        ?C_STARTUP
  D:00E0H         SYMBOL        ACC
  D:00F0H         SYMBOL        B
  D:0083H         SYMBOL        DPH
  D:0082H         SYMBOL        DPL
  N:0000H         SYMBOL        IBPSTACK
  N:0100H         SYMBOL        IBPSTACKTOP
  N:0080H         SYMBOL        IDATALEN
  C:0011H         SYMBOL        IDATALOOP
  N:0000H         SYMBOL        PBPSTACK
  N:0100H         SYMBOL        PBPSTACKTOP
  N:0000H         SYMBOL        PDATALEN
  N:0000H         SYMBOL        PDATASTART
  N:0000H         SYMBOL        PPAGE
  N:0000H         SYMBOL        PPAGEENABLE
  D:00A0H         SYMBOL        PPAGE_SFR
  D:0081H         SYMBOL        SP
  C:000EH         SYMBOL        STARTUP1
  N:0000H         SYMBOL        XBPSTACK
  N:0000H         SYMBOL        XBPSTACKTOP
  N:0000H         SYMBOL        XDATALEN
  N:0000H         SYMBOL        XDATASTART
  C:0000H         LINE#         126
  C:000EH         LINE#         133
  C:0010H         LINE#         134
  C:0011H         LINE#         135
  C:0012H         LINE#         136
  C:0014H         LINE#         185
  C:0017H         LINE#         196
  -------         ENDMOD        ?C_STARTUP

  -------         MODULE        _Ð¶Ï2017_3_20_01
  C:0000H         SYMBOL        _ICE_DUMMY_
  D:0080H         PUBLIC        P0
  D:0090H         PUBLIC        P1
  D:00A0H         PUBLIC        P2
  D:00B0H         PUBLIC        P3
  B:00A8H.7       PUBLIC        EA
  D:00A8H         PUBLIC        IE
  C:00F5H         PUBLIC        yanshi
  D:00B8H         PUBLIC        IP
  C:009AH         PUBLIC        main
  B:00A0H.6       PUBLIC        duan
  D:0098H         PUBLIC        SCON
  D:0089H         PUBLIC        TMOD
  D:0088H         PUBLIC        TCON
  B:00A0H.7       PUBLIC        wei
  B:00A8H.1       PUBLIC        ET0
  D:008CH         PUBLIC        TH0
  D:008AH         PUBLIC        TL0
  B:0088H.4       PUBLIC        TR0
BL51 BANKED LINKER/LOCATER V6.22                                                      03/20/2017  17:17:28  PAGE 3


  C:0123H         PUBLIC        exter0
  D:0008H         PUBLIC        a
  D:000AH         PUBLIC        b
  D:00C8H         PUBLIC        T2CON
  D:000CH         PUBLIC        tt
  D:00D0H         PUBLIC        PSW
  -------         PROC          MAIN
  C:009AH         LINE#         17
  C:009AH         LINE#         18
  C:009AH         LINE#         19
  C:009DH         LINE#         20
  C:00A0H         LINE#         21
  C:00A3H         LINE#         22
  C:00A5H         LINE#         23
  C:00A7H         LINE#         24
  C:00A9H         LINE#         25
  C:00AFH         LINE#         26
  C:00AFH         LINE#         27
  C:00B1H         LINE#         28
  C:00B3H         LINE#         29
  C:00B6H         LINE#         30
  C:00B8H         LINE#         31
  C:00BAH         LINE#         32
  C:00BDH         LINE#         33
  C:00BFH         LINE#         36
  C:00C2H         LINE#         37
  C:00C2H         LINE#         38
  C:00C2H         LINE#         39
  C:00C2H         LINE#         40
  C:00C5H         LINE#         42
  C:00C7H         LINE#         43
  C:00CAH         LINE#         44
  C:00CCH         LINE#         45
  C:00CEH         LINE#         46
  C:00D1H         LINE#         47
  C:00D3H         LINE#         49
  C:00D6H         LINE#         50
  C:00D6H         LINE#         51
  C:00D6H         LINE#         52
  C:00D6H         LINE#         53
  C:00D9H         LINE#         55
  C:00DBH         LINE#         56
  C:00DEH         LINE#         57
  C:00E0H         LINE#         58
  C:00E2H         LINE#         59
  C:00E5H         LINE#         60
  C:00E7H         LINE#         62
  C:00EAH         LINE#         63
  C:00EAH         LINE#         64
  C:00EAH         LINE#         65
  C:00EAH         LINE#         66
  C:00EDH         LINE#         67
  C:00EDH         LINE#         242
  -------         ENDPROC       MAIN
  C:00EEH         SYMBOL        L?0012
  -------         PROC          L?0011
  -------         ENDPROC       L?0011
BL51 BANKED LINKER/LOCATER V6.22                                                      03/20/2017  17:17:28  PAGE 4


  C:00EEH         SYMBOL        L?0012
  -------         PROC          YANSHI
  C:00F5H         LINE#         243
  C:00F5H         LINE#         244
  C:00F5H         LINE#         245
  C:0107H         LINE#         246
  C:0116H         LINE#         247
  C:011CH         LINE#         248
  C:0122H         LINE#         249
  -------         ENDPROC       YANSHI
  -------         PROC          EXTER0
  C:0123H         LINE#         251
  C:012CH         LINE#         253
  C:012FH         LINE#         254
  C:0132H         LINE#         255
  C:0134H         LINE#         257
  C:0136H         LINE#         258
  C:0139H         LINE#         259
  C:013BH         LINE#         260
  C:013DH         LINE#         261
  C:0140H         LINE#         262
  C:0142H         LINE#         265
  C:0145H         LINE#         266
  C:0145H         LINE#         267
  C:0145H         LINE#         268
  C:0145H         LINE#         269
  C:0148H         LINE#         271
  -------         ENDPROC       EXTER0
  -------         ENDMOD        _Ð¶Ï2017_3_20_01

Program Size: data=14.0 xdata=0 code=339
LINK/LOCATE RUN COMPLETE.  0 WARNING(S),  0 ERROR(S)
